// Jest Snapshot v1, https://goo.gl/fbAQLP

exports[`PoolAddress #computeAddress gas cost 1`] = `1020`;

exports[`PoolAddress #computeAddress matches example from core repo 1`] = `"0xBabBd5c17Fa127D7eF8b45a7b1E3919083b4326E"`;
