// Jest Snapshot v1, https://goo.gl/fbAQLP

exports[`PositionValue #fees when price is above the position range gas 1`] = `49833`;

exports[`PositionValue #fees when price is below the position range gas 1`] = `49801`;

exports[`PositionValue #fees when price is within the position range gas 1`] = `58379`;

exports[`PositionValue #principal gas 1`] = `23845`;

exports[`PositionValue #total gas 1`] = `65784`;
